<html>
<body>
<pre>
<h1>µVision Build Log</h1>
<h2>Tool Versions:</h2>
IDE-Version: µVision V5.20.0.0
Copyright (C) 2016 ARM Ltd and ARM Germany GmbH. All rights reserved.
License Information: Super User, VKS, LIC=0VRKP-MV75C-E01N4-FI5IU-VMY3M-TT99R
 
Tool Versions:
Toolchain:       MDK-ARM Professional  Version: 5.20
Toolchain Path:  C:\Keil_v5\ARM\ARMCC\Bin
C Compiler:      Armcc.exe V5.06 update 2 (build 183)
Assembler:       Armasm.exe V5.06 update 2 (build 183)
Linker/Locator:  ArmLink.exe V5.06 update 2 (build 183)
Library Manager: ArmAr.exe V5.06 update 2 (build 183)
Hex Converter:   FromElf.exe V5.06 update 2 (build 183)
CPU DLL:         SARMCM3.DLL V5.20
Dialog DLL:      DCM.DLL V1.13.7.0
Target DLL:      STLink\ST-LINKIII-KEIL_SWO.dll V2.0.18.0
Dialog DLL:      TCM.DLL V1.14.9.0
 
<h2>Project:</h2>
D:\!Couds\YandexDisk\STM32\Learn_FreeRTOS\0000\0000.uvprojx
Project File Date:  01/06/2018

<h2>Output:</h2>
*** Using Compiler 'V5.06 update 2 (build 183)', folder: 'C:\Keil_v5\ARM\ARMCC\Bin'
Rebuild target '0000'
assembling startup_stm32f407xx.s...
creating preprocessor file for system_stm32f4xx.c...
creating preprocessor file for main.c...
creating preprocessor file for rcc_init.c...
compiling system_stm32f4xx.c...
compiling rcc_init.c...
compiling main.c...
creating preprocessor file for led_init.c...
creating preprocessor file for delay.c...
compiling led_init.c...
compiling delay.c...
linking...
Program Size: Code=1502 RO-data=450 RW-data=8 ZI-data=1632  
FromELF: creating hex file...
".\Objects\0000.axf" - 0 Error(s), 0 Warning(s).

<h2>Collection of Component include folders:</h2>
  D:\!Couds\YandexDisk\STM32\Learn_FreeRTOS\0000\RTE
  C:\Keil_v5\ARM\PACK\Keil\STM32F4xx_DFP\2.11.0\Drivers\CMSIS\Device\ST\STM32F4xx\Include

<h2>Collection of Component Files used:</h2>
Build Time Elapsed:  00:00:09
</pre>
</body>
</html>
